// Jest Snapshot v1, https://goo.gl/fbAQLP

exports[`Photo List Item Photo list item render correctly 1`] = `ShallowWrapper {}`;

exports[`Photo List Item Rendering should match to snapshot 1`] = `ShallowWrapper {}`;
